// Jest Snapshot v1, https://goo.gl/fbAQLP

exports[`CodeBlock component renders correctly 1`] = `
<div>
  <div
    class="relative"
  >
    <button
      class="absolute right-0 top-0 m-4 hidden rounded-md border-2 border-slate-700 bg-slate-700 bg-opacity-50 px-4 py-2 text-white hover:border-slate-600 hover:bg-opacity-70 group-hover:block"
    >
      <svg
        fill="currentColor"
        height="1em"
        stroke="currentColor"
        stroke-width="0"
        viewBox="0 0 24 24"
        width="1em"
        xmlns="http://www.w3.org/2000/svg"
      >
        <path
          d="M20 2H10c-1.103 0-2 .897-2 2v4H4c-1.103 0-2 .897-2 2v10c0 1.103.897 2 2 2h10c1.103 0 2-.897 2-2v-4h4c1.103 0 2-.897 2-2V4c0-1.103-.897-2-2-2zM4 20V10h10l.002 10H4zm16-6h-4v-4c0-1.103-.897-2-2-2h-4V4h10v10z"
        />
      </svg>
    </button>
    <pre
      style="color: rgb(212, 212, 212); font-size: 13px; text-shadow: none; font-family: Menlo, Monaco, Consolas, "Andale Mono", "Ubuntu Mono", "Courier New", monospace; direction: ltr; text-align: left; white-space: pre; word-spacing: normal; word-break: normal; line-height: 1.5; tab-size: 4; hyphens: none; padding: 1em; margin: 0px; overflow: auto; background: rgb(30, 30, 30);"
    >
      <code
        class="className"
        style="white-space: pre;"
      >
        <span
          class="linenumber react-syntax-highlighter-line-number"
          style="display: inline-block; min-width: 1.25em; padding-right: 1em; text-align: right; user-select: none; color: rgb(106, 153, 85);"
        >
          1
        </span>
        <span>
          const 
        </span>
        <span
          class="hljs-attr"
        >
          greeting
        </span>
        <span>
           = 
        </span>
        <span
          class="hljs-string"
        >
          "Hello, world!"
        </span>
        <span
          class="hljs-comment"
        >
          ;
        </span>
        <span>
          

        </span>
        <span
          class="linenumber react-syntax-highlighter-line-number"
          style="display: inline-block; min-width: 1.25em; padding-right: 1em; text-align: right; user-select: none; color: rgb(106, 153, 85);"
        >
          2
        </span>
        <span>
          console.log(greeting)
        </span>
        <span
          class="hljs-comment"
        >
          ;
        </span>
      </code>
    </pre>
  </div>
</div>
`;
